0 verbose cli /usr/local/bin/node /usr/local/bin/npm
1 info using npm@11.6.1
2 info using node@v24.11.0
3 silly config load:file:/usr/local/lib/node_modules/npm/npmrc
4 silly config load:file:/Users/jakubrauscher/bohemika-provize-web/.npmrc
5 silly config load:file:/Users/jakubrauscher/.npmrc
6 silly config load:file:/usr/local/etc/npmrc
7 verbose title npm install @opentelemetry/api
8 verbose argv "install" "@opentelemetry/api"
9 verbose logfile logs-max:10 dir:/Users/jakubrauscher/bohemika-provize-web/.npm-cache/_logs/2026-01-15T16_14_38_637Z-
10 verbose logfile /Users/jakubrauscher/bohemika-provize-web/.npm-cache/_logs/2026-01-15T16_14_38_637Z-debug-0.log
11 silly logfile done cleaning log files
12 silly packumentCache heap:4496293888 maxSize:1124073472 maxEntrySize:562036736
13 silly idealTree buildDeps
14 silly fetch manifest @opentelemetry/api@*
15 silly packumentCache full:https://registry.npmjs.org/@opentelemetry%2fapi cache-miss
16 http fetch GET 200 https://registry.npmjs.org/@opentelemetry%2fapi 238ms (cache miss)
17 silly packumentCache full:https://registry.npmjs.org/@opentelemetry%2fapi set size:undefined disposed:false
18 silly placeDep ROOT @opentelemetry/api@1.9.0 OK for: bohemika-provize-web@0.1.0 want: *
19 silly reify moves {}
20 silly audit bulk request {
20 silly audit   '@alloc/quick-lru': [ '5.2.0' ],
20 silly audit   '@babel/code-frame': [ '7.27.1' ],
20 silly audit   '@babel/compat-data': [ '7.28.5' ],
20 silly audit   '@babel/core': [ '7.28.5' ],
20 silly audit   '@babel/generator': [ '7.28.5' ],
20 silly audit   '@babel/helper-compilation-targets': [ '7.27.2' ],
20 silly audit   '@babel/helper-globals': [ '7.28.0' ],
20 silly audit   '@babel/helper-module-imports': [ '7.27.1' ],
20 silly audit   '@babel/helper-module-transforms': [ '7.28.3' ],
20 silly audit   '@babel/helper-string-parser': [ '7.27.1' ],
20 silly audit   '@babel/helper-validator-identifier': [ '7.28.5' ],
20 silly audit   '@babel/helper-validator-option': [ '7.27.1' ],
20 silly audit   '@babel/helpers': [ '7.28.4' ],
20 silly audit   '@babel/parser': [ '7.28.5' ],
20 silly audit   '@babel/runtime': [ '7.28.4' ],
20 silly audit   '@babel/template': [ '7.27.2' ],
20 silly audit   '@babel/traverse': [ '7.28.5' ],
20 silly audit   '@babel/types': [ '7.28.5' ],
20 silly audit   '@discoveryjs/json-ext': [ '0.5.7' ],
20 silly audit   '@emnapi/core': [ '1.7.1' ],
20 silly audit   '@emnapi/runtime': [ '1.7.1' ],
20 silly audit   '@emnapi/wasi-threads': [ '1.1.0' ],
20 silly audit   '@eslint-community/eslint-utils': [ '4.9.0' ],
20 silly audit   'eslint-visitor-keys': [ '3.4.3', '4.2.1' ],
20 silly audit   '@eslint-community/regexpp': [ '4.12.2' ],
20 silly audit   '@eslint/config-array': [ '0.21.1' ],
20 silly audit   '@eslint/config-helpers': [ '0.4.2' ],
20 silly audit   '@eslint/core': [ '0.17.0' ],
20 silly audit   '@eslint/eslintrc': [ '3.3.3' ],
20 silly audit   '@eslint/js': [ '9.39.1' ],
20 silly audit   '@eslint/object-schema': [ '2.1.7' ],
20 silly audit   '@eslint/plugin-kit': [ '0.4.1' ],
20 silly audit   '@fastify/busboy': [ '3.2.0' ],
20 silly audit   '@firebase/ai': [ '2.6.0' ],
20 silly audit   '@firebase/analytics': [ '0.10.19' ],
20 silly audit   '@firebase/analytics-compat': [ '0.2.25' ],
20 silly audit   '@firebase/analytics-types': [ '0.8.3' ],
20 silly audit   '@firebase/app': [ '0.14.6' ],
20 silly audit   '@firebase/app-check': [ '0.11.0' ],
20 silly audit   '@firebase/app-check-compat': [ '0.4.0' ],
20 silly audit   '@firebase/app-check-interop-types': [ '0.3.3' ],
20 silly audit   '@firebase/app-check-types': [ '0.5.3' ],
20 silly audit   '@firebase/app-compat': [ '0.5.6' ],
20 silly audit   '@firebase/app-types': [ '0.9.3' ],
20 silly audit   '@firebase/auth': [ '1.11.1' ],
20 silly audit   '@firebase/auth-compat': [ '0.6.1' ],
20 silly audit   '@firebase/auth-interop-types': [ '0.2.4' ],
20 silly audit   '@firebase/auth-types': [ '0.13.0' ],
20 silly audit   '@firebase/component': [ '0.7.0' ],
20 silly audit   '@firebase/data-connect': [ '0.3.12' ],
20 silly audit   '@firebase/database': [ '1.1.0' ],
20 silly audit   '@firebase/database-compat': [ '2.1.0' ],
20 silly audit   '@firebase/database-types': [ '1.0.16' ],
20 silly audit   '@firebase/firestore': [ '4.9.2' ],
20 silly audit   '@firebase/firestore-compat': [ '0.4.2' ],
20 silly audit   '@firebase/firestore-types': [ '3.0.3' ],
20 silly audit   '@firebase/functions': [ '0.13.1' ],
20 silly audit   '@firebase/functions-compat': [ '0.4.1' ],
20 silly audit   '@firebase/functions-types': [ '0.6.3' ],
20 silly audit   '@firebase/installations': [ '0.6.19' ],
20 silly audit   '@firebase/installations-compat': [ '0.2.19' ],
20 silly audit   '@firebase/installations-types': [ '0.5.3' ],
20 silly audit   '@firebase/logger': [ '0.5.0' ],
20 silly audit   '@firebase/messaging': [ '0.12.23' ],
20 silly audit   '@firebase/messaging-compat': [ '0.2.23' ],
20 silly audit   '@firebase/messaging-interop-types': [ '0.2.3' ],
20 silly audit   '@firebase/performance': [ '0.7.9' ],
20 silly audit   '@firebase/performance-compat': [ '0.2.22' ],
20 silly audit   '@firebase/performance-types': [ '0.2.3' ],
20 silly audit   '@firebase/remote-config': [ '0.7.0' ],
20 silly audit   '@firebase/remote-config-compat': [ '0.2.20' ],
20 silly audit   '@firebase/remote-config-types': [ '0.5.0' ],
20 silly audit   '@firebase/storage': [ '0.14.0' ],
20 silly audit   '@firebase/storage-compat': [ '0.4.0' ],
20 silly audit   '@firebase/storage-types': [ '0.8.3' ],
20 silly audit   '@firebase/util': [ '1.13.0' ],
20 silly audit   '@firebase/webchannel-wrapper': [ '1.0.5' ],
20 silly audit   '@google-cloud/firestore': [ '7.11.6' ],
20 silly audit   '@google-cloud/paginator': [ '5.0.2' ],
20 silly audit   '@google-cloud/projectify': [ '4.0.0' ],
20 silly audit   '@google-cloud/promisify': [ '4.0.0' ],
20 silly audit   '@google-cloud/storage': [ '7.18.0' ],
20 silly audit   uuid: [ '8.3.2', '9.0.1', '11.1.0' ],
20 silly audit   '@grpc/grpc-js': [ '1.9.15', '1.14.3' ],
20 silly audit   '@grpc/proto-loader': [ '0.7.15', '0.8.0' ],
20 silly audit   '@humanfs/core': [ '0.19.1' ],
20 silly audit   '@humanfs/node': [ '0.16.7' ],
20 silly audit   '@humanwhocodes/module-importer': [ '1.0.1' ],
20 silly audit   '@humanwhocodes/retry': [ '0.4.3' ],
20 silly audit   '@img/colour': [ '1.0.0' ],
20 silly audit   '@img/sharp-darwin-arm64': [ '0.34.5' ],
20 silly audit   '@img/sharp-darwin-x64': [ '0.34.5' ],
20 silly audit   '@img/sharp-libvips-darwin-arm64': [ '1.2.4' ],
20 silly audit   '@img/sharp-libvips-darwin-x64': [ '1.2.4' ],
20 silly audit   '@img/sharp-libvips-linux-arm': [ '1.2.4' ],
20 silly audit   '@img/sharp-libvips-linux-arm64': [ '1.2.4' ],
20 silly audit   '@img/sharp-libvips-linux-ppc64': [ '1.2.4' ],
20 silly audit   '@img/sharp-libvips-linux-riscv64': [ '1.2.4' ],
20 silly audit   '@img/sharp-libvips-linux-s390x': [ '1.2.4' ],
20 silly audit   '@img/sharp-libvips-linux-x64': [ '1.2.4' ],
20 silly audit   '@img/sharp-libvips-linuxmusl-arm64': [ '1.2.4' ],
20 silly audit   '@img/sharp-libvips-linuxmusl-x64': [ '1.2.4' ],
20 silly audit   '@img/sharp-linux-arm': [ '0.34.5' ],
20 silly audit   '@img/sharp-linux-arm64': [ '0.34.5' ],
20 silly audit   '@img/sharp-linux-ppc64': [ '0.34.5' ],
20 silly audit   '@img/sharp-linux-riscv64': [ '0.34.5' ],
20 silly audit   '@img/sharp-linux-s390x': [ '0.34.5' ],
20 silly audit   '@img/sharp-linux-x64': [ '0.34.5' ],
20 silly audit   '@img/sharp-linuxmusl-arm64': [ '0.34.5' ],
20 silly audit   '@img/sharp-linuxmusl-x64': [ '0.34.5' ],
20 silly audit   '@img/sharp-wasm32': [ '0.34.5' ],
20 silly audit   '@img/sharp-win32-arm64': [ '0.34.5' ],
20 silly audit   '@img/sharp-win32-ia32': [ '0.34.5' ],
20 silly audit   '@img/sharp-win32-x64': [ '0.34.5' ],
20 silly audit   '@jridgewell/gen-mapping': [ '0.3.13' ],
20 silly audit   '@jridgewell/remapping': [ '2.3.5' ],
20 silly audit   '@jridgewell/resolve-uri': [ '3.1.2' ],
20 silly audit   '@jridgewell/sourcemap-codec': [ '1.5.5' ],
20 silly audit   '@jridgewell/trace-mapping': [ '0.3.31' ],
20 silly audit   '@js-sdsl/ordered-map': [ '4.4.2' ],
20 silly audit   '@napi-rs/wasm-runtime': [ '0.2.12' ],
20 silly audit   '@next/bundle-analyzer': [ '16.1.1' ],
20 silly audit   '@next/env': [ '16.1.1' ],
20 silly audit   '@next/eslint-plugin-next': [ '16.1.1' ],
20 silly audit   '@next/swc-darwin-arm64': [ '16.1.1' ],
20 silly audit   '@next/swc-darwin-x64': [ '16.1.1' ],
20 silly audit   '@next/swc-linux-arm64-gnu': [ '16.1.1' ],
20 silly audit   '@next/swc-linux-arm64-musl': [ '16.1.1' ],
20 silly audit   '@next/swc-linux-x64-gnu': [ '16.1.1' ],
20 silly audit   '@next/swc-linux-x64-musl': [ '16.1.1' ],
20 silly audit   '@next/swc-win32-arm64-msvc': [ '16.1.1' ],
20 silly audit   '@next/swc-win32-x64-msvc': [ '16.1.1' ],
20 silly audit   '@nodelib/fs.scandir': [ '2.1.5' ],
20 silly audit   '@nodelib/fs.stat': [ '2.0.5' ],
20 silly audit   '@nodelib/fs.walk': [ '1.2.8' ],
20 silly audit   '@nolyfill/is-core-module': [ '1.0.39' ],
20 silly audit   '@polka/url': [ '1.0.0-next.29' ],
20 silly audit   '@protobufjs/aspromise': [ '1.1.2' ],
20 silly audit   '@protobufjs/base64': [ '1.1.2' ],
20 silly audit   '@protobufjs/codegen': [ '2.0.4' ],
20 silly audit   '@protobufjs/eventemitter': [ '1.1.0' ],
20 silly audit   '@protobufjs/fetch': [ '1.1.0' ],
20 silly audit   '@protobufjs/float': [ '1.0.2' ],
20 silly audit   '@protobufjs/inquire': [ '1.1.0' ],
20 silly audit   '@protobufjs/path': [ '1.1.2' ],
20 silly audit   '@protobufjs/pool': [ '1.1.0' ],
20 silly audit   '@protobufjs/utf8': [ '1.1.0' ],
20 silly audit   '@rtsao/scc': [ '1.1.0' ],
20 silly audit   '@swc/helpers': [ '0.5.15' ],
20 silly audit   '@tailwindcss/node': [ '4.1.17' ],
20 silly audit   '@tailwindcss/oxide': [ '4.1.17' ],
20 silly audit   '@tailwindcss/oxide-android-arm64': [ '4.1.17' ],
20 silly audit   '@tailwindcss/oxide-darwin-arm64': [ '4.1.17' ],
20 silly audit   '@tailwindcss/oxide-darwin-x64': [ '4.1.17' ],
20 silly audit   '@tailwindcss/oxide-freebsd-x64': [ '4.1.17' ],
20 silly audit   '@tailwindcss/oxide-linux-arm-gnueabihf': [ '4.1.17' ],
20 silly audit   '@tailwindcss/oxide-linux-arm64-gnu': [ '4.1.17' ],
20 silly audit   '@tailwindcss/oxide-linux-arm64-musl': [ '4.1.17' ],
20 silly audit   '@tailwindcss/oxide-linux-x64-gnu': [ '4.1.17' ],
20 silly audit   '@tailwindcss/oxide-linux-x64-musl': [ '4.1.17' ],
20 silly audit   '@tailwindcss/oxide-wasm32-wasi': [ '4.1.17' ],
20 silly audit   '@tailwindcss/oxide-win32-arm64-msvc': [ '4.1.17' ],
20 silly audit   '@tailwindcss/oxide-win32-x64-msvc': [ '4.1.17' ],
20 silly audit   '@tailwindcss/postcss': [ '4.1.17' ],
20 silly audit   '@tootallnate/once': [ '2.0.0' ],
20 silly audit   '@tybys/wasm-util': [ '0.10.1' ],
20 silly audit   '@types/body-parser': [ '1.19.6' ],
20 silly audit   '@types/caseless': [ '0.12.5' ],
20 silly audit   '@types/connect': [ '3.4.38' ],
20 silly audit   '@types/estree': [ '1.0.8' ],
20 silly audit   '@types/express': [ '4.17.25' ],
20 silly audit   '@types/express-serve-static-core': [ '4.19.8' ],
20 silly audit   '@types/http-errors': [ '2.0.5' ],
20 silly audit   '@types/json-schema': [ '7.0.15' ],
20 silly audit   '@types/json5': [ '0.0.29' ],
20 silly audit   '@types/jsonwebtoken': [ '9.0.10' ],
20 silly audit   '@types/long': [ '4.0.2' ],
20 silly audit   '@types/mime': [ '1.3.5' ],
20 silly audit   '@types/ms': [ '2.1.0' ],
20 silly audit   '@types/node': [ '20.19.25', '22.19.6' ],
20 silly audit   '@types/pako': [ '2.0.4' ],
20 silly audit   '@types/qs': [ '6.14.0' ],
20 silly audit   '@types/raf': [ '3.4.3' ],
20 silly audit   '@types/range-parser': [ '1.2.7' ],
20 silly audit   '@types/react': [ '19.2.7' ],
20 silly audit   '@types/react-dom': [ '19.2.3' ],
20 silly audit   '@types/request': [ '2.48.13' ],
20 silly audit   '@types/send': [ '1.2.1', '0.17.6' ],
20 silly audit   '@types/serve-static': [ '1.15.10' ],
20 silly audit   '@types/tough-cookie': [ '4.0.5' ],
20 silly audit   '@types/trusted-types': [ '2.0.7' ],
20 silly audit   '@typescript-eslint/eslint-plugin': [ '8.48.0' ],
20 silly audit   ignore: [ '7.0.5', '5.3.2' ],
20 silly audit   '@typescript-eslint/parser': [ '8.48.0' ],
20 silly audit   '@typescript-eslint/project-service': [ '8.48.0' ],
20 silly audit   '@typescript-eslint/scope-manager': [ '8.48.0' ],
20 silly audit   '@typescript-eslint/tsconfig-utils': [ '8.48.0' ],
20 silly audit   '@typescript-eslint/type-utils': [ '8.48.0' ],
20 silly audit   '@typescript-eslint/types': [ '8.48.0' ],
20 silly audit   '@typescript-eslint/typescript-estree': [ '8.48.0' ],
20 silly audit   'brace-expansion': [ '2.0.2', '1.1.12' ],
20 silly audit   minimatch: [ '9.0.5', '3.1.2' ],
20 silly audit   semver: [ '7.7.3', '6.3.1' ],
20 silly audit   '@typescript-eslint/utils': [ '8.48.0' ],
20 silly audit   '@typescript-eslint/visitor-keys': [ '8.48.0' ],
20 silly audit   '@unrs/resolver-binding-android-arm-eabi': [ '1.11.1' ],
20 silly audit   '@unrs/resolver-binding-android-arm64': [ '1.11.1' ],
20 silly audit   '@unrs/resolver-binding-darwin-arm64': [ '1.11.1' ],
20 silly audit   '@unrs/resolver-binding-darwin-x64': [ '1.11.1' ],
20 silly audit   '@unrs/resolver-binding-freebsd-x64': [ '1.11.1' ],
20 silly audit   '@unrs/resolver-binding-linux-arm-gnueabihf': [ '1.11.1' ],
20 silly audit   '@unrs/resolver-binding-linux-arm-musleabihf': [ '1.11.1' ],
20 silly audit   '@unrs/resolver-binding-linux-arm64-gnu': [ '1.11.1' ],
20 silly audit   '@unrs/resolver-binding-linux-arm64-musl': [ '1.11.1' ],
20 silly audit   '@unrs/resolver-binding-linux-ppc64-gnu': [ '1.11.1' ],
20 silly audit   '@unrs/resolver-binding-linux-riscv64-gnu': [ '1.11.1' ],
20 silly audit   '@unrs/resolver-binding-linux-riscv64-musl': [ '1.11.1' ],
20 silly audit   '@unrs/resolver-binding-linux-s390x-gnu': [ '1.11.1' ],
20 silly audit   '@unrs/resolver-binding-linux-x64-gnu': [ '1.11.1' ],
20 silly audit   '@unrs/resolver-binding-linux-x64-musl': [ '1.11.1' ],
20 silly audit   '@unrs/resolver-binding-wasm32-wasi': [ '1.11.1' ],
20 silly audit   '@unrs/resolver-binding-win32-arm64-msvc': [ '1.11.1' ],
20 silly audit   '@unrs/resolver-binding-win32-ia32-msvc': [ '1.11.1' ],
20 silly audit   '@unrs/resolver-binding-win32-x64-msvc': [ '1.11.1' ],
20 silly audit   'abort-controller': [ '3.0.0' ],
20 silly audit   acorn: [ '8.15.0' ],
20 silly audit   'acorn-jsx': [ '5.3.2' ],
20 silly audit   'acorn-walk': [ '8.3.4' ],
20 silly audit   'agent-base': [ '7.1.4', '6.0.2' ],
20 silly audit   ajv: [ '6.12.6' ],
20 silly audit   'ansi-regex': [ '5.0.1' ],
20 silly audit   'ansi-styles': [ '4.3.0' ],
20 silly audit   argparse: [ '2.0.1' ],
20 silly audit   'aria-query': [ '5.3.2' ],
20 silly audit   'array-buffer-byte-length': [ '1.0.2' ],
20 silly audit   'array-includes': [ '3.1.9' ],
20 silly audit   'array.prototype.findlast': [ '1.2.5' ],
20 silly audit   'array.prototype.findlastindex': [ '1.2.6' ],
20 silly audit   'array.prototype.flat': [ '1.3.3' ],
20 silly audit   'array.prototype.flatmap': [ '1.3.3' ],
20 silly audit   'array.prototype.tosorted': [ '1.1.4' ],
20 silly audit   'arraybuffer.prototype.slice': [ '1.0.4' ],
20 silly audit   arrify: [ '2.0.1' ],
20 silly audit   'ast-types-flow': [ '0.0.8' ],
20 silly audit   'async-function': [ '1.0.0' ],
20 silly audit   'async-retry': [ '1.3.3' ],
20 silly audit   asynckit: [ '0.4.0' ],
20 silly audit   'available-typed-arrays': [ '1.0.7' ],
20 silly audit   'axe-core': [ '4.11.0' ],
20 silly audit   'axobject-query': [ '4.1.0' ],
20 silly audit   'balanced-match': [ '1.0.2' ],
20 silly audit   'base64-arraybuffer': [ '1.0.2' ],
20 silly audit   'base64-js': [ '1.5.1' ],
20 silly audit   'baseline-browser-mapping': [ '2.8.32' ],
20 silly audit   'bignumber.js': [ '9.3.1' ],
20 silly audit   braces: [ '3.0.3' ],
20 silly audit   browserslist: [ '4.28.0' ],
20 silly audit   'buffer-equal-constant-time': [ '1.0.1' ],
20 silly audit   'call-bind': [ '1.0.8' ],
20 silly audit   'call-bind-apply-helpers': [ '1.0.2' ],
20 silly audit   'call-bound': [ '1.0.4' ],
20 silly audit   callsites: [ '3.1.0' ],
20 silly audit   'caniuse-lite': [ '1.0.30001757' ],
20 silly audit   canvg: [ '3.0.11' ],
20 silly audit   chalk: [ '4.1.2' ],
20 silly audit   'class-variance-authority': [ '0.7.1' ],
20 silly audit   'client-only': [ '0.0.1' ],
20 silly audit   cliui: [ '8.0.1' ],
20 silly audit   clsx: [ '2.1.1' ],
20 silly audit   'color-convert': [ '2.0.1' ],
20 silly audit   'color-name': [ '1.1.4' ],
20 silly audit   'combined-stream': [ '1.0.8' ],
20 silly audit   commander: [ '7.2.0' ],
20 silly audit   'concat-map': [ '0.0.1' ],
20 silly audit   'convert-source-map': [ '2.0.0' ],
20 silly audit   'core-js': [ '3.47.0' ],
20 silly audit   'cross-spawn': [ '7.0.6' ],
20 silly audit   'css-line-break': [ '2.1.0' ],
20 silly audit   csstype: [ '3.2.3' ],
20 silly audit   'damerau-levenshtein': [ '1.0.8' ],
20 silly audit   'data-view-buffer': [ '1.0.2' ],
20 silly audit   'data-view-byte-length': [ '1.0.2' ],
20 silly audit   'data-view-byte-offset': [ '1.0.1' ],
20 silly audit   debounce: [ '1.2.1' ],
20 silly audit   debug: [ '4.4.3', '3.2.7' ],
20 silly audit   'deep-is': [ '0.1.4' ],
20 silly audit   'define-data-property': [ '1.1.4' ],
20 silly audit   'define-properties': [ '1.2.1' ],
20 silly audit   'delayed-stream': [ '1.0.0' ],
20 silly audit   'detect-libc': [ '2.1.2' ],
20 silly audit   doctrine: [ '2.1.0' ],
20 silly audit   dompurify: [ '3.3.0' ],
20 silly audit   'dunder-proto': [ '1.0.1' ],
20 silly audit   duplexer: [ '0.1.2' ],
20 silly audit   duplexify: [ '4.1.3' ],
20 silly audit   'ecdsa-sig-formatter': [ '1.0.11' ],
20 silly audit   'electron-to-chromium': [ '1.5.262' ],
20 silly audit   'emoji-regex': [ '9.2.2', '8.0.0' ],
20 silly audit   'end-of-stream': [ '1.4.5' ],
20 silly audit   'enhanced-resolve': [ '5.18.3' ],
20 silly audit   'es-abstract': [ '1.24.0' ],
20 silly audit   'es-define-property': [ '1.0.1' ],
20 silly audit   'es-errors': [ '1.3.0' ],
20 silly audit   'es-iterator-helpers': [ '1.2.1' ],
20 silly audit   'es-object-atoms': [ '1.1.1' ],
20 silly audit   'es-set-tostringtag': [ '2.1.0' ],
20 silly audit   'es-shim-unscopables': [ '1.1.0' ],
20 silly audit   'es-to-primitive': [ '1.3.0' ],
20 silly audit   escalade: [ '3.2.0' ],
20 silly audit   'escape-string-regexp': [ '4.0.0' ],
20 silly audit   eslint: [ '9.39.1' ],
20 silly audit   'eslint-config-next': [ '16.1.1' ],
20 silly audit   globals: [ '16.4.0', '14.0.0' ],
20 silly audit   'eslint-import-resolver-node': [ '0.3.9' ],
20 silly audit   'eslint-import-resolver-typescript': [ '3.10.1' ],
20 silly audit   'eslint-module-utils': [ '2.12.1' ],
20 silly audit   'eslint-plugin-import': [ '2.32.0' ],
20 silly audit   'eslint-plugin-jsx-a11y': [ '6.10.2' ],
20 silly audit   'eslint-plugin-react': [ '7.37.5' ],
20 silly audit   'eslint-plugin-react-hooks': [ '7.0.1' ],
20 silly audit   resolve: [ '2.0.0-next.5', '1.22.11' ],
20 silly audit   'eslint-scope': [ '8.4.0' ],
20 silly audit   espree: [ '10.4.0' ],
20 silly audit   esquery: [ '1.6.0' ],
20 silly audit   esrecurse: [ '4.3.0' ],
20 silly audit   estraverse: [ '5.3.0' ],
20 silly audit   esutils: [ '2.0.3' ],
20 silly audit   'event-target-shim': [ '5.0.1' ],
20 silly audit   extend: [ '3.0.2' ],
20 silly audit   'farmhash-modern': [ '1.1.0' ],
20 silly audit   'fast-deep-equal': [ '3.1.3' ],
20 silly audit   'fast-glob': [ '3.3.1' ],
20 silly audit   'glob-parent': [ '5.1.2', '6.0.2' ],
20 silly audit   'fast-json-stable-stringify': [ '2.1.0' ],
20 silly audit   'fast-levenshtein': [ '2.0.6' ],
20 silly audit   'fast-png': [ '6.4.0' ],
20 silly audit   'fast-xml-parser': [ '4.5.3' ],
20 silly audit   fastq: [ '1.20.1' ],
20 silly audit   'faye-websocket': [ '0.11.4' ],
20 silly audit   fflate: [ '0.8.2' ],
20 silly audit   'file-entry-cache': [ '8.0.0' ],
20 silly audit   'fill-range': [ '7.1.1' ],
20 silly audit   'find-up': [ '5.0.0' ],
20 silly audit   firebase: [ '12.6.0' ],
20 silly audit   'firebase-admin': [ '13.6.0' ],
20 silly audit   'flat-cache': [ '4.0.1' ],
20 silly audit   flatted: [ '3.3.3' ],
20 silly audit   'for-each': [ '0.3.5' ],
20 silly audit   'form-data': [ '2.5.5' ],
20 silly audit   'function-bind': [ '1.1.2' ],
20 silly audit   'function.prototype.name': [ '1.1.8' ],
20 silly audit   'functional-red-black-tree': [ '1.0.1' ],
20 silly audit   'functions-have-names': [ '1.2.3' ],
20 silly audit   gaxios: [ '6.7.1' ],
20 silly audit   'gcp-metadata': [ '6.1.1' ],
20 silly audit   'generator-function': [ '2.0.1' ],
20 silly audit   gensync: [ '1.0.0-beta.2' ],
20 silly audit   'get-caller-file': [ '2.0.5' ],
20 silly audit   'get-intrinsic': [ '1.3.0' ],
20 silly audit   'get-proto': [ '1.0.1' ],
20 silly audit   'get-symbol-description': [ '1.1.0' ],
20 silly audit   'get-tsconfig': [ '4.13.0' ],
20 silly audit   globalthis: [ '1.0.4' ],
20 silly audit   'google-auth-library': [ '9.15.1' ],
20 silly audit   'google-gax': [ '4.6.1' ],
20 silly audit   'google-logging-utils': [ '0.0.2' ],
20 silly audit   gopd: [ '1.2.0' ],
20 silly audit   'graceful-fs': [ '4.2.11' ],
20 silly audit   graphemer: [ '1.4.0' ],
20 silly audit   gtoken: [ '7.1.0' ],
20 silly audit   'gzip-size': [ '6.0.0' ],
20 silly audit   'has-bigints': [ '1.1.0' ],
20 silly audit   'has-flag': [ '4.0.0' ],
20 silly audit   'has-property-descriptors': [ '1.0.2' ],
20 silly audit   'has-proto': [ '1.2.0' ],
20 silly audit   'has-symbols': [ '1.1.0' ],
20 silly audit   'has-tostringtag': [ '1.0.2' ],
20 silly audit   hasown: [ '2.0.2' ],
20 silly audit   'hermes-estree': [ '0.25.1' ],
20 silly audit   'hermes-parser': [ '0.25.1' ],
20 silly audit   'html-entities': [ '2.6.0' ],
20 silly audit   'html-escaper': [ '2.0.2' ],
20 silly audit   html2canvas: [ '1.4.1' ],
20 silly audit   'html2pdf.js': [ '0.12.1' ],
20 silly audit   'http-parser-js': [ '0.5.10' ],
20 silly audit   'http-proxy-agent': [ '5.0.0' ],
20 silly audit   'https-proxy-agent': [ '7.0.6', '5.0.1' ],
20 silly audit   idb: [ '7.1.1' ],
20 silly audit   'import-fresh': [ '3.3.1' ],
20 silly audit   imurmurhash: [ '0.1.4' ],
20 silly audit   inherits: [ '2.0.4' ],
20 silly audit   'internal-slot': [ '1.1.0' ],
20 silly audit   iobuffer: [ '5.4.0' ],
20 silly audit   'is-array-buffer': [ '3.0.5' ],
20 silly audit   'is-async-function': [ '2.1.1' ],
20 silly audit   'is-bigint': [ '1.1.0' ],
20 silly audit   'is-boolean-object': [ '1.2.2' ],
20 silly audit   'is-bun-module': [ '2.0.0' ],
20 silly audit   'is-callable': [ '1.2.7' ],
20 silly audit   'is-core-module': [ '2.16.1' ],
20 silly audit   'is-data-view': [ '1.0.2' ],
20 silly audit   'is-date-object': [ '1.1.0' ],
20 silly audit   'is-extglob': [ '2.1.1' ],
20 silly audit   'is-finalizationregistry': [ '1.1.1' ],
20 silly audit   'is-fullwidth-code-point': [ '3.0.0' ],
20 silly audit   'is-generator-function': [ '1.1.2' ],
20 silly audit   'is-glob': [ '4.0.3' ],
20 silly audit   'is-map': [ '2.0.3' ],
20 silly audit   'is-negative-zero': [ '2.0.3' ],
20 silly audit   'is-number': [ '7.0.0' ],
20 silly audit   'is-number-object': [ '1.1.1' ],
20 silly audit   'is-plain-object': [ '5.0.0' ],
20 silly audit   'is-regex': [ '1.2.1' ],
20 silly audit   'is-set': [ '2.0.3' ],
20 silly audit   'is-shared-array-buffer': [ '1.0.4' ],
20 silly audit   'is-stream': [ '2.0.1' ],
20 silly audit   'is-string': [ '1.1.1' ],
20 silly audit   'is-symbol': [ '1.1.1' ],
20 silly audit   'is-typed-array': [ '1.1.15' ],
20 silly audit   'is-weakmap': [ '2.0.2' ],
20 silly audit   'is-weakref': [ '1.1.1' ],
20 silly audit   'is-weakset': [ '2.0.4' ],
20 silly audit   isarray: [ '2.0.5' ],
20 silly audit   isexe: [ '2.0.0' ],
20 silly audit   'iterator.prototype': [ '1.1.5' ],
20 silly audit   jiti: [ '2.6.1' ],
20 silly audit   jose: [ '4.15.9' ],
20 silly audit   'js-tokens': [ '4.0.0' ],
20 silly audit   'js-yaml': [ '4.1.1' ],
20 silly audit   jsesc: [ '3.1.0' ],
20 silly audit   'json-bigint': [ '1.0.0' ],
20 silly audit   'json-buffer': [ '3.0.1' ],
20 silly audit   'json-schema-traverse': [ '0.4.1' ],
20 silly audit   'json-stable-stringify-without-jsonify': [ '1.0.1' ],
20 silly audit   json5: [ '2.2.3', '1.0.2' ],
20 silly audit   jsonwebtoken: [ '9.0.3' ],
20 silly audit   jspdf: [ '3.0.4' ],
20 silly audit   'jsx-ast-utils': [ '3.3.5' ],
20 silly audit   jwa: [ '2.0.1' ],
20 silly audit   'jwks-rsa': [ '3.2.0' ],
20 silly audit   jws: [ '4.0.1' ],
20 silly audit   keyv: [ '4.5.4' ],
20 silly audit   'language-subtag-registry': [ '0.3.23' ],
20 silly audit   'language-tags': [ '1.0.9' ],
20 silly audit   levn: [ '0.4.1' ],
20 silly audit   lightningcss: [ '1.30.2' ],
20 silly audit   'lightningcss-android-arm64': [ '1.30.2' ],
20 silly audit   'lightningcss-darwin-arm64': [ '1.30.2' ],
20 silly audit   'lightningcss-darwin-x64': [ '1.30.2' ],
20 silly audit   'lightningcss-freebsd-x64': [ '1.30.2' ],
20 silly audit   'lightningcss-linux-arm-gnueabihf': [ '1.30.2' ],
20 silly audit   'lightningcss-linux-arm64-gnu': [ '1.30.2' ],
20 silly audit   'lightningcss-linux-arm64-musl': [ '1.30.2' ],
20 silly audit   'lightningcss-linux-x64-gnu': [ '1.30.2' ],
20 silly audit   'lightningcss-linux-x64-musl': [ '1.30.2' ],
20 silly audit   'lightningcss-win32-arm64-msvc': [ '1.30.2' ],
20 silly audit   'lightningcss-win32-x64-msvc': [ '1.30.2' ],
20 silly audit   limiter: [ '1.1.5' ],
20 silly audit   'locate-path': [ '6.0.0' ],
20 silly audit   'lodash.camelcase': [ '4.3.0' ],
20 silly audit   'lodash.clonedeep': [ '4.5.0' ],
20 silly audit   'lodash.includes': [ '4.3.0' ],
20 silly audit   'lodash.isboolean': [ '3.0.3' ],
20 silly audit   'lodash.isinteger': [ '4.0.4' ],
20 silly audit   'lodash.isnumber': [ '3.0.3' ],
20 silly audit   'lodash.isplainobject': [ '4.0.6' ],
20 silly audit   'lodash.isstring': [ '4.0.1' ],
20 silly audit   'lodash.merge': [ '4.6.2' ],
20 silly audit   'lodash.once': [ '4.1.1' ],
20 silly audit   long: [ '5.3.2' ],
20 silly audit   'loose-envify': [ '1.4.0' ],
20 silly audit   'lru-cache': [ '5.1.1', '6.0.0' ],
20 silly audit   'lru-memoizer': [ '2.3.0' ],
20 silly audit   yallist: [ '4.0.0', '3.1.1' ],
20 silly audit   'lucide-react': [ '0.555.0' ],
20 silly audit   'magic-string': [ '0.30.21' ],
20 silly audit   'math-intrinsics': [ '1.1.0' ],
20 silly audit   merge2: [ '1.4.1' ],
20 silly audit   micromatch: [ '4.0.8' ],
20 silly audit   mime: [ '3.0.0' ],
20 silly audit   'mime-db': [ '1.52.0' ],
20 silly audit   'mime-types': [ '2.1.35' ],
20 silly audit   minimist: [ '1.2.8' ],
20 silly audit   mrmime: [ '2.0.1' ],
20 silly audit   ms: [ '2.1.3' ],
20 silly audit   nanoid: [ '3.3.11' ],
20 silly audit   'napi-postinstall': [ '0.3.4' ],
20 silly audit   'natural-compare': [ '1.4.0' ],
20 silly audit   next: [ '16.1.1' ],
20 silly audit   postcss: [ '8.4.31', '8.5.6' ],
20 silly audit   'node-fetch': [ '2.7.0' ],
20 silly audit   'node-forge': [ '1.3.3' ],
20 silly audit   'node-releases': [ '2.0.27' ],
20 silly audit   nodemailer: [ '6.10.1' ],
20 silly audit   'object-assign': [ '4.1.1' ],
20 silly audit   'object-hash': [ '3.0.0' ],
20 silly audit   'object-inspect': [ '1.13.4' ],
20 silly audit   'object-keys': [ '1.1.1' ],
20 silly audit   'object.assign': [ '4.1.7' ],
20 silly audit   'object.entries': [ '1.1.9' ],
20 silly audit   'object.fromentries': [ '2.0.8' ],
20 silly audit   'object.groupby': [ '1.0.3' ],
20 silly audit   'object.values': [ '1.2.1' ],
20 silly audit   ogl: [ '1.0.11' ],
20 silly audit   once: [ '1.4.0' ],
20 silly audit   opener: [ '1.5.2' ],
20 silly audit   optionator: [ '0.9.4' ],
20 silly audit   'own-keys': [ '1.0.1' ],
20 silly audit   'p-limit': [ '3.1.0' ],
20 silly audit   'p-locate': [ '5.0.0' ],
20 silly audit   pako: [ '2.1.0' ],
20 silly audit   'parent-module': [ '1.0.1' ],
20 silly audit   'path-exists': [ '4.0.0' ],
20 silly audit   'path-key': [ '3.1.1' ],
20 silly audit   'path-parse': [ '1.0.7' ],
20 silly audit   'performance-now': [ '2.1.0' ],
20 silly audit   picocolors: [ '1.1.1' ],
20 silly audit   picomatch: [ '2.3.1', '4.0.3' ],
20 silly audit   'possible-typed-array-names': [ '1.1.0' ],
20 silly audit   'prelude-ls': [ '1.2.1' ],
20 silly audit   'prop-types': [ '15.8.1' ],
20 silly audit   'proto3-json-serializer': [ '2.0.2' ],
20 silly audit   protobufjs: [ '7.5.4' ],
20 silly audit   punycode: [ '2.3.1' ],
20 silly audit   'queue-microtask': [ '1.2.3' ],
20 silly audit   raf: [ '3.4.1' ],
20 silly audit   react: [ '19.2.3' ],
20 silly audit   'react-dom': [ '19.2.3' ],
20 silly audit   'react-is': [ '16.13.1' ],
20 silly audit   'readable-stream': [ '3.6.2' ],
20 silly audit   'reflect.getprototypeof': [ '1.0.10' ],
20 silly audit   'regenerator-runtime': [ '0.13.11' ],
20 silly audit   'regexp.prototype.flags': [ '1.5.4' ],
20 silly audit   'require-directory': [ '2.1.1' ],
20 silly audit   'resolve-from': [ '4.0.0' ],
20 silly audit   'resolve-pkg-maps': [ '1.0.0' ],
20 silly audit   retry: [ '0.13.1' ],
20 silly audit   'retry-request': [ '7.0.2' ],
20 silly audit   reusify: [ '1.1.0' ],
20 silly audit   rgbcolor: [ '1.0.1' ],
20 silly audit   'run-parallel': [ '1.2.0' ],
20 silly audit   'safe-array-concat': [ '1.1.3' ],
20 silly audit   'safe-buffer': [ '5.2.1' ],
20 silly audit   'safe-push-apply': [ '1.0.0' ],
20 silly audit   'safe-regex-test': [ '1.1.0' ],
20 silly audit   scheduler: [ '0.27.0' ],
20 silly audit   'set-function-length': [ '1.2.2' ],
20 silly audit   'set-function-name': [ '2.0.2' ],
20 silly audit   'set-proto': [ '1.0.0' ],
20 silly audit   sharp: [ '0.34.5' ],
20 silly audit   'shebang-command': [ '2.0.0' ],
20 silly audit   'shebang-regex': [ '3.0.0' ],
20 silly audit   'side-channel': [ '1.1.0' ],
20 silly audit   'side-channel-list': [ '1.0.0' ],
20 silly audit   'side-channel-map': [ '1.0.1' ],
20 silly audit   'side-channel-weakmap': [ '1.0.2' ],
20 silly audit   sirv: [ '2.0.4' ],
20 silly audit   'source-map-js': [ '1.2.1' ],
20 silly audit   'stable-hash': [ '0.0.5' ],
20 silly audit   'stackblur-canvas': [ '2.7.0' ],
20 silly audit   'stop-iteration-iterator': [ '1.1.0' ],
20 silly audit   'stream-events': [ '1.0.5' ],
20 silly audit   'stream-shift': [ '1.0.3' ],
20 silly audit   string_decoder: [ '1.3.0' ],
20 silly audit   'string-width': [ '4.2.3' ],
20 silly audit   'string.prototype.includes': [ '2.0.1' ],
20 silly audit   'string.prototype.matchall': [ '4.0.12' ],
20 silly audit   'string.prototype.repeat': [ '1.0.0' ],
20 silly audit   'string.prototype.trim': [ '1.2.10' ],
20 silly audit   'string.prototype.trimend': [ '1.0.9' ],
20 silly audit   'string.prototype.trimstart': [ '1.0.8' ],
20 silly audit   'strip-ansi': [ '6.0.1' ],
20 silly audit   'strip-bom': [ '3.0.0' ],
20 silly audit   'strip-json-comments': [ '3.1.1' ],
20 silly audit   strnum: [ '1.1.2' ],
20 silly audit   stubs: [ '3.0.0' ],
20 silly audit   'styled-jsx': [ '5.1.6' ],
20 silly audit   'supports-color': [ '7.2.0' ],
20 silly audit   'supports-preserve-symlinks-flag': [ '1.0.0' ],
20 silly audit   'svg-pathdata': [ '6.0.3' ],
20 silly audit   'tailwind-merge': [ '3.4.0' ],
20 silly audit   tailwindcss: [ '4.1.17' ],
20 silly audit   tapable: [ '2.3.0' ],
20 silly audit   'teeny-request': [ '9.0.0' ],
20 silly audit   'text-segmentation': [ '1.0.3' ],
20 silly audit   tinyglobby: [ '0.2.15' ],
20 silly audit   fdir: [ '6.5.0' ],
20 silly audit   'to-regex-range': [ '5.0.1' ],
20 silly audit   totalist: [ '3.0.1' ],
20 silly audit   tr46: [ '0.0.3' ],
20 silly audit   'ts-api-utils': [ '2.1.0' ],
20 silly audit   'tsconfig-paths': [ '3.15.0' ],
20 silly audit   tslib: [ '2.8.1' ],
20 silly audit   'tw-animate-css': [ '1.4.0' ],
20 silly audit   'type-check': [ '0.4.0' ],
20 silly audit   'typed-array-buffer': [ '1.0.3' ],
20 silly audit   'typed-array-byte-length': [ '1.0.3' ],
20 silly audit   'typed-array-byte-offset': [ '1.0.4' ],
20 silly audit   'typed-array-length': [ '1.0.7' ],
20 silly audit   typescript: [ '5.9.3' ],
20 silly audit   'typescript-eslint': [ '8.48.0' ],
20 silly audit   'unbox-primitive': [ '1.1.0' ],
20 silly audit   'undici-types': [ '6.21.0' ],
20 silly audit   'unrs-resolver': [ '1.11.1' ],
20 silly audit   'update-browserslist-db': [ '1.1.4' ],
20 silly audit   'uri-js': [ '4.4.1' ],
20 silly audit   'util-deprecate': [ '1.0.2' ],
20 silly audit   utrie: [ '1.0.2' ],
20 silly audit   'web-vitals': [ '4.2.4' ],
20 silly audit   'webidl-conversions': [ '3.0.1' ],
20 silly audit   'webpack-bundle-analyzer': [ '4.10.1' ],
20 silly audit   'websocket-driver': [ '0.7.4' ],
20 silly audit   'websocket-extensions': [ '0.1.4' ],
20 silly audit   'whatwg-url': [ '5.0.0' ],
20 silly audit   which: [ '2.0.2' ],
20 silly audit   'which-boxed-primitive': [ '1.1.1' ],
20 silly audit   'which-builtin-type': [ '1.2.1' ],
20 silly audit   'which-collection': [ '1.0.2' ],
20 silly audit   'which-typed-array': [ '1.1.19' ],
20 silly audit   'word-wrap': [ '1.2.5' ],
20 silly audit   'wrap-ansi': [ '7.0.0' ],
20 silly audit   wrappy: [ '1.0.2' ],
20 silly audit   ws: [ '7.5.10' ],
20 silly audit   y18n: [ '5.0.8' ],
20 silly audit   yargs: [ '17.7.2' ],
20 silly audit   'yargs-parser': [ '21.1.1' ],
20 silly audit   'yocto-queue': [ '0.1.0' ],
20 silly audit   zod: [ '4.1.13' ],
20 silly audit   'zod-validation-error': [ '4.0.2' ],
20 silly audit   '@opentelemetry/api': [ '1.9.0' ]
20 silly audit }
21 http cache @opentelemetry/api@https://registry.npmjs.org/@opentelemetry/api/-/api-1.9.0.tgz 1ms (cache hit)
22 silly tarball no local data for @opentelemetry/api@https://registry.npmjs.org/@opentelemetry/api/-/api-1.9.0.tgz. Extracting by manifest.
23 http fetch POST 200 https://registry.npmjs.org/-/npm/v1/security/advisories/bulk 237ms
24 silly audit report {
24 silly audit report   'html2pdf.js': [
24 silly audit report     {
24 silly audit report       id: 1112144,
24 silly audit report       url: 'https://github.com/advisories/GHSA-w8x4-x68c-m6fc',
24 silly audit report       title: 'html2pdf.js contains a cross-site scripting vulnerability',
24 silly audit report       severity: 'high',
24 silly audit report       vulnerable_versions: '<0.14.0',
24 silly audit report       cwe: [Array],
24 silly audit report       cvss: [Object]
24 silly audit report     }
24 silly audit report   ],
24 silly audit report   jspdf: [
24 silly audit report     {
24 silly audit report       id: 1111862,
24 silly audit report       url: 'https://github.com/advisories/GHSA-f8cm-6447-x5h2',
24 silly audit report       title: 'jsPDF has Local File Inclusion/Path Traversal vulnerability',
24 silly audit report       severity: 'critical',
24 silly audit report       vulnerable_versions: '<=3.0.4',
24 silly audit report       cwe: [Array],
24 silly audit report       cvss: [Object]
24 silly audit report     }
24 silly audit report   ],
24 silly audit report   nodemailer: [
24 silly audit report     {
24 silly audit report       id: 1111074,
24 silly audit report       url: 'https://github.com/advisories/GHSA-rcmh-qjqh-p98v',
24 silly audit report       title: 'Nodemailer’s addressparser is vulnerable to DoS caused by recursive calls',
24 silly audit report       severity: 'low',
24 silly audit report       vulnerable_versions: '<=7.0.10',
24 silly audit report       cwe: [Array],
24 silly audit report       cvss: [Object]
24 silly audit report     },
24 silly audit report     {
24 silly audit report       id: 1111548,
24 silly audit report       url: 'https://github.com/advisories/GHSA-46j5-6fg5-4gv3',
24 silly audit report       title: 'Nodemailer is vulnerable to DoS through Uncontrolled Recursion',
24 silly audit report       severity: 'moderate',
24 silly audit report       vulnerable_versions: '<7.0.11',
24 silly audit report       cwe: [Array],
24 silly audit report       cvss: [Object]
24 silly audit report     },
24 silly audit report     {
24 silly audit report       id: 1109804,
24 silly audit report       url: 'https://github.com/advisories/GHSA-mm7p-fcc7-pg87',
24 silly audit report       title: 'Nodemailer: Email to an unintended domain can occur due to Interpretation Conflict',
24 silly audit report       severity: 'moderate',
24 silly audit report       vulnerable_versions: '<7.0.7',
24 silly audit report       cwe: [Array],
24 silly audit report       cvss: [Object]
24 silly audit report     }
24 silly audit report   ]
24 silly audit report }
25 silly packumentCache corgi:https://registry.npmjs.org/html2pdf.js cache-miss
26 silly packumentCache corgi:https://registry.npmjs.org/jspdf cache-miss
27 silly packumentCache corgi:https://registry.npmjs.org/nodemailer cache-miss
28 http fetch GET 200 https://registry.npmjs.org/@opentelemetry/api/-/api-1.9.0.tgz 265ms (cache miss)
29 http fetch GET 200 https://registry.npmjs.org/html2pdf.js 242ms (cache miss)
30 silly packumentCache corgi:https://registry.npmjs.org/html2pdf.js set size:undefined disposed:false
31 http fetch GET 200 https://registry.npmjs.org/jspdf 247ms (cache miss)
32 silly packumentCache corgi:https://registry.npmjs.org/jspdf set size:undefined disposed:false
33 http fetch GET 200 https://registry.npmjs.org/nodemailer 367ms (cache miss)
34 silly packumentCache corgi:https://registry.npmjs.org/nodemailer set size:undefined disposed:false
35 silly ADD node_modules/@opentelemetry/api
36 verbose cwd /Users/jakubrauscher/bohemika-provize-web
37 verbose os Darwin 24.6.0
38 verbose node v24.11.0
39 verbose npm  v11.6.1
40 verbose exit 0
41 info ok
